// Jest Snapshot v1, https://goo.gl/fbAQLP

exports[`search 1`] = `
Array [
  Object {
    "city": "Uberlingen",
    "country": "Germany",
    "flag": "ğŸ‡©ğŸ‡ª",
  },
  Object {
    "city": "Berlin",
    "country": "Germany",
    "flag": "ğŸ‡©ğŸ‡ª",
  },
  Object {
    "city": "Berliste",
    "country": "Romania",
    "flag": "ğŸ‡·ğŸ‡´",
  },
  Object {
    "city": "Berlin",
    "country": "El Salvador",
    "flag": "ğŸ‡¸ğŸ‡»",
  },
  Object {
    "city": "Berlin",
    "country": "United States",
    "flag": "ğŸ‡ºğŸ‡¸",
  },
  Object {
    "city": "Berlin",
    "country": "United States",
    "flag": "ğŸ‡ºğŸ‡¸",
  },
  Object {
    "city": "Oberlin",
    "country": "United States",
    "flag": "ğŸ‡ºğŸ‡¸",
  },
  Object {
    "city": "New Berlin",
    "country": "United States",
    "flag": "ğŸ‡ºğŸ‡¸",
  },
]
`;

exports[`search 2`] = `
Array [
  Object {
    "city": "Istanbul",
    "country": "Turkey",
    "flag": "ğŸ‡¹ğŸ‡·",
  },
]
`;
